<?xml version="1.0" encoding="UTF-8"?>
<debtInstmLst>
    <debtInstm>
        <prodKeySeg>
            <ctryRecCde>SG</ctryRecCde>
            <grpMembrRecCde>HBSP</grpMembrRecCde>
            <prodTypeCde>BOND</prodTypeCde>
            <prodCde>30086257</prodCde>
        </prodKeySeg>
        <prodAltNumSeg>
            <prodCdeAltClassCde>P</prodCdeAltClassCde>
            <prodAltNum>ZF5180095</prodAltNum>
        </prodAltNumSeg>
        <prodAltNumSeg>
            <prodCdeAltClassCde>M</prodCdeAltClassCde>
            <prodAltNum>SGXZ76329309</prodAltNum>
        </prodAltNumSeg>
        <prodAltNumSeg>
            <prodCdeAltClassCde>R</prodCdeAltClassCde>
            <prodAltNum>SGCTDM0129=RRPS</prodAltNum>
        </prodAltNumSeg>
        <prodAltNumSeg>
            <prodCdeAltClassCde>J</prodCdeAltClassCde>
            <prodAltNum>SGXZ76329309</prodAltNum>
        </prodAltNumSeg>
        <prodAltNumSeg>
            <prodCdeAltClassCde>I</prodCdeAltClassCde>
            <prodAltNum>SGXZ76329309</prodAltNum>
        </prodAltNumSeg>
        <prodAltNumSeg>
            <prodCdeAltClassCde>Q</prodCdeAltClassCde>
            <prodAltNum>1109351</prodAltNum>
        </prodAltNumSeg>
        <prodInfoSeg>
            <prodSubtpCde>LDBI</prodSubtpCde>
            <prodName>CITY DEVELOPMENTS LTD  2029-01-30 SGD 3.712%</prodName>
            <prodShrtName>CITSP 3.712 01/30/29</prodShrtName>
            <asetClassCde>OH</asetClassCde>
            <prodStatCde>A</prodStatCde>
            <ccyProdCde>SGD</ccyProdCde>
            <riskLvlCde>2</riskLvlCde>
            <prdProdNum>0</prdProdNum>
            <termRemainDayCnt>1349</termRemainDayCnt>
            <prodLnchDt>2024-01-24</prodLnchDt>
            <prodMturDt>2029-01-30</prodMturDt>
            <allowBuyProdInd>Y</allowBuyProdInd>
            <allowSellProdInd>Y</allowSellProdInd>
            <allowBuyUtProdInd>N</allowBuyUtProdInd>
            <allowBuyAmtProdInd>Y</allowBuyAmtProdInd>
            <allowSellUtProdInd>N</allowSellUtProdInd>
            <allowSellAmtProdInd>Y</allowSellAmtProdInd>
            <allowSellMipProdInd>N</allowSellMipProdInd>
            <allowSellMipUtProdInd>N</allowSellMipUtProdInd>
            <allowSellMipAmtProdInd>N</allowSellMipAmtProdInd>
            <allowSwInProdInd>N</allowSwInProdInd>
            <allowSwInUtProdInd>N</allowSwInUtProdInd>
            <allowSwInAmtProdInd>N</allowSwInAmtProdInd>
            <allowSwOutProdInd>N</allowSwOutProdInd>
            <allowSwOutUtProdInd>N</allowSwOutUtProdInd>
            <allowSwOutAmtProdInd>N</allowSwOutAmtProdInd>
            <incmCharProdInd>Y</incmCharProdInd>
            <cptlGurntProdInd>N</cptlGurntProdInd>
            <yieldEnhnProdInd>Y</yieldEnhnProdInd>
            <grwthCharProdInd>N</grwthCharProdInd>
            <prtyProdSrchRsultNum>0</prtyProdSrchRsultNum>
            <availMktInfoInd>N</availMktInfoInd>
            <dmyProdSubtpRecInd>N</dmyProdSubtpRecInd>
            <dispComProdSrchInd>Y</dispComProdSrchInd>
            <divrNum>100</divrNum>
            <mrkToMktInd>Y</mrkToMktInd>
            <ctryProdTrade1Cde>SG</ctryProdTrade1Cde>
            <busStartTm>17:00</busStartTm>
            <busEndTm>02:00</busEndTm>
            <introProdCurrPrdInd>N</introProdCurrPrdInd>
            <prodTopSellRankNum>0</prodTopSellRankNum>
            <prodTopPerfmRankNum>0</prodTopPerfmRankNum>
            <prodTopYieldRankNum>0</prodTopYieldRankNum>
            <ccyInvstCde>SGD</ccyInvstCde>
            <qtyTypeCde>FMT</qtyTypeCde>
            <prodLocCde>SGD</prodLocCde>
            <trdFirstDt>2024-01-24</trdFirstDt>
            <suptRcblCashProdInd>N</suptRcblCashProdInd>
            <suptRcblScripProdInd>N</suptRcblScripProdInd>
            <dcmlPlaceTradeUnitNum>0</dcmlPlaceTradeUnitNum>
            <pldgLimitAssocAcctInd>N</pldgLimitAssocAcctInd>
            <aumChrgProdInd>N</aumChrgProdInd>
            <restrInvstrProdInd>N</restrInvstrProdInd>
            <invstInitMinAmt>250000</invstInitMinAmt>
            <eqtyUndlInd>N</eqtyUndlInd>
            <wlthAccumGoalInd>Y</wlthAccumGoalInd>
            <planForRtireGoalInd>Y</planForRtireGoalInd>
            <educGoalInd>Y</educGoalInd>
            <liveInRtireGoalInd>N</liveInRtireGoalInd>
            <protcGoalInd>N</protcGoalInd>
            <mngSolnInd>N</mngSolnInd>
            <prdInvstTnorNum>1349</prdInvstTnorNum>
            <geoRiskInd>N</geoRiskInd>
            <prodLqdyInd>a</prodLqdyInd>
            <rvrseEnqProdInd>N</rvrseEnqProdInd>
            <prodInvstTypeCde>EIP</prodInvstTypeCde>
            <asetVoltlClassMajrPrntCde>OTH_DEBT_FI</asetVoltlClassMajrPrntCde>
            <prodTradeCcySeg>
                <ccyProdTradeCde>SGD</ccyProdTradeCde>
            </prodTradeCcySeg>
            <prodUserDefExtSeg>
                <fieldCde>highYieldBondInd</fieldCde>
                <fieldValue>N</fieldValue>
            </prodUserDefExtSeg>
            <prodAsetVoltlClassSeg>
                <asetVoltlClassCde>GBL_CORP_FI</asetVoltlClassCde>
                <asetVoltlClassWghtPct>100</asetVoltlClassWghtPct>
            </prodAsetVoltlClassSeg>
            <asetSicAllocSeg>
                <sicCde>97</sicCde>
                <asetAllocWghtPct>100</asetAllocWghtPct>
            </asetSicAllocSeg>
            <asetGeoLocAllocSeg>
                <geoLocCde>SG</geoLocCde>
                <asetAllocWghtPct>100</asetAllocWghtPct>
            </asetGeoLocAllocSeg>
        </prodInfoSeg>
        <debtInstmSeg>
            <isrBndNme>CITY DEVELOPMENTS LTD</isrBndNme>
            <prodIssDt>2024-01-30</prodIssDt>
            <pdcyCoupnPymtCd>H</pdcyCoupnPymtCd>
            <coupnAnnlRt>3.712</coupnAnnlRt>
            <pymtCoupnNextDt>2025-07-30</pymtCoupnNextDt>
            <flexMatOptInd>N</flexMatOptInd>
            <IntIndAccrAmt>1.25089</IntIndAccrAmt>
            <InvstIncMinAmt>250000</InvstIncMinAmt>
            <MturExtDt>2029-01-30</MturExtDt>
            <SubDebtInd>N</SubDebtInd>
            <bondStatCde>Y</bondStatCde>
            <ctryBondIssueCde>SG</ctryBondIssueCde>
            <cptlTierText>Senior Unsecured</cptlTierText>
            <coupnType>FIXED</coupnType>
            <intBassiCalcText>Actual/365 Fixed</intBassiCalcText>
            <intAccrDayCnt>1827</intAccrDayCnt>
            <invstSoldLestAmt>250000</invstSoldLestAmt>
            <invstIncrmSoldAmt>250000</invstIncrmSoldAmt>
            <shrBidCnt>0</shrBidCnt>
            <shrOffrCnt>0</shrOffrCnt>
            <coupnAnnlText>3.712%</coupnAnnlText>
            <creditRtingSeg>
                <creditRtingAgcyCde>CRSP</creditRtingAgcyCde>
            </creditRtingSeg>
            <creditRtingSeg>
                <creditRtingAgcyCde>CRMOODYS</creditRtingAgcyCde>
            </creditRtingSeg>
            <yieldHistSeg>
                <yieldTypeCde>D</yieldTypeCde>
                <yieldDt>2025-04-10</yieldDt>
                <yieldEffDt>2025-04-10</yieldEffDt>
                <yieldBidPct>4.13548</yieldBidPct>
                <yieldOfferPct>2.72671</yieldOfferPct>
            </yieldHistSeg>
        </debtInstmSeg>
        <recDtTmSeg>
            <recCreatDtTm>2025-04-10 12:22:23</recCreatDtTm>
            <recUpdtDtTm>2025-06-03 09:27:44</recUpdtDtTm>
            <prodPrcUpdtDtTm>2025-05-30 20:00:58</prodPrcUpdtDtTm>
            <prodStatUpdtDtTm>2025-04-10 12:22:23</prodStatUpdtDtTm>
            <timeZone>GMT+0800</timeZone>
        </recDtTmSeg>
    </debtInstm>
</debtInstmLst>