<?xml version="1.0" encoding="UTF-8"?>
<stockInstmLst>
    <stockInstm>
        <prodKeySeg>
            <ctryRecCde>SG</ctryRecCde>
            <grpMembrRecCde>HBSP</grpMembrRecCde>
            <prodTypeCde>SEC</prodTypeCde>
            <prodCde>30063414</prodCde>
        </prodKeySeg>
        <prodAltNumSeg>
            <prodCdeAltClassCde>P</prodCdeAltClassCde>
            <prodAltNum>SG-CYX</prodAltNum>
        </prodAltNumSeg>
        <prodAltNumSeg>
            <prodCdeAltClassCde>I</prodCdeAltClassCde>
            <prodAltNum>SGXC30293382</prodAltNum>
        </prodAltNumSeg>
        <prodAltNumSeg>
            <prodCdeAltClassCde>M</prodCdeAltClassCde>
            <prodAltNum>CYX</prodAltNum>
        </prodAltNumSeg>
        <prodAltNumSeg>
            <prodCdeAltClassCde>R</prodCdeAltClassCde>
            <prodAltNum>ICGB-Da.SI</prodAltNum>
        </prodAltNumSeg>
        <prodAltNumSeg>
            <prodCdeAltClassCde>Q</prodCdeAltClassCde>
            <prodAltNum>793724</prodAltNum>
        </prodAltNumSeg>
        <prodInfoSeg>
            <prodSubtpCde>SEC</prodSubtpCde>
            <prodName>ICBC CSOP FTSE Chinese Government Bd Index ETF USD</prodName>
            <prodShrtName>ICBC CSOP FTSE CN GvBd ETF USD</prodShrtName>
            <prodDesc>ICBC CSOP FTSE CHN GOV BD ETF</prodDesc>
            <asetClassCde>SGEQ</asetClassCde>
            <prodStatCde>A</prodStatCde>
            <ccyProdCde>USD</ccyProdCde>
            <prdProdNum>0</prdProdNum>
            <termRemainDayCnt>0</termRemainDayCnt>
            <prodLnchDt>2022-09-21</prodLnchDt>
            <mktInvstCde>SG</mktInvstCde>
            <allowBuyProdInd>Y</allowBuyProdInd>
            <allowSellProdInd>Y</allowSellProdInd>
            <allowBuyUtProdInd>Y</allowBuyUtProdInd>
            <allowBuyAmtProdInd>N</allowBuyAmtProdInd>
            <allowSellUtProdInd>Y</allowSellUtProdInd>
            <allowSellAmtProdInd>N</allowSellAmtProdInd>
            <allowSellMipProdInd>N</allowSellMipProdInd>
            <allowSellMipUtProdInd>N</allowSellMipUtProdInd>
            <allowSellMipAmtProdInd>N</allowSellMipAmtProdInd>
            <allowSwInProdInd>N</allowSwInProdInd>
            <allowSwInUtProdInd>N</allowSwInUtProdInd>
            <allowSwInAmtProdInd>N</allowSwInAmtProdInd>
            <allowSwOutProdInd>N</allowSwOutProdInd>
            <allowSwOutUtProdInd>N</allowSwOutUtProdInd>
            <allowSwOutAmtProdInd>N</allowSwOutAmtProdInd>
            <incmCharProdInd>N</incmCharProdInd>
            <cptlGurntProdInd>N</cptlGurntProdInd>
            <yieldEnhnProdInd>N</yieldEnhnProdInd>
            <grwthCharProdInd>N</grwthCharProdInd>
            <prtyProdSrchRsultNum>0</prtyProdSrchRsultNum>
            <dmyProdSubtpRecInd>N</dmyProdSubtpRecInd>
            <dispComProdSrchInd>Y</dispComProdSrchInd>
            <divrNum>1</divrNum>
            <mrkToMktInd>Y</mrkToMktInd>
            <ctryProdTrade1Cde>SG</ctryProdTrade1Cde>
            <busStartTm>09:00</busStartTm>
            <busEndTm>18:00</busEndTm>
            <prodTopSellRankNum>0</prodTopSellRankNum>
            <prodTopPerfmRankNum>0</prodTopPerfmRankNum>
            <prodTopYieldRankNum>0</prodTopYieldRankNum>
            <prodIssueCrosReferDt>2022-09-21</prodIssueCrosReferDt>
            <ccyInvstCde>USD</ccyInvstCde>
            <qtyTypeCde>SHS</qtyTypeCde>
            <prodLocCde>SGS</prodLocCde>
            <prodTaxFreeWrapActStaCde>1</prodTaxFreeWrapActStaCde>
            <trdFirstDt>2022-09-21</trdFirstDt>
            <suptRcblCashProdInd>Y</suptRcblCashProdInd>
            <suptRcblScripProdInd>Y</suptRcblScripProdInd>
            <dcmlPlaceTradeUnitNum>0</dcmlPlaceTradeUnitNum>
            <pldgLimitAssocAcctInd>N</pldgLimitAssocAcctInd>
            <asetCatExtnlCde>ECL</asetCatExtnlCde>
            <aumChrgProdInd>N</aumChrgProdInd>
            <wlthAccumGoalInd>Y</wlthAccumGoalInd>
            <planForRtireGoalInd>Y</planForRtireGoalInd>
            <educGoalInd>Y</educGoalInd>
            <liveInRtireGoalInd>Y</liveInRtireGoalInd>
            <protcGoalInd>Y</protcGoalInd>
            <prdInvstTnorNum>0</prdInvstTnorNum>
            <prodInvstTypeCde>EIP</prodInvstTypeCde>
            <asetVoltlClassMajrPrntCde>OTHER</asetVoltlClassMajrPrntCde>
            <prodTradeCcySeg>
                <ccyProdTradeCde>USD</ccyProdTradeCde>
            </prodTradeCcySeg>
            <prodAsetUndlSeg>
                <asetUndlCdeSeqNum>1</asetUndlCdeSeqNum>
                <asetUndlCde>EQ</asetUndlCde>
            </prodAsetUndlSeg>
            <prodUserDefExtSeg>
                <fieldCde>highYieldBondInd</fieldCde>
                <fieldValue>N</fieldValue>
            </prodUserDefExtSeg>
            <prodUserDefExtSeg>
                <fieldCde>isAlgoInd</fieldCde>
                <fieldValue>N</fieldValue>
            </prodUserDefExtSeg>
            <prodUserDefExtSeg>
                <fieldCde>isPerpetualInd</fieldCde>
                <fieldValue>N</fieldValue>
            </prodUserDefExtSeg>
            <prodUserDefExtSeg>
                <fieldCde>bbgTypeCde</fieldCde>
                <fieldValue>3</fieldValue>
            </prodUserDefExtSeg>
            <prodAsetVoltlClassSeg>
                <asetVoltlClassCde>OTHER</asetVoltlClassCde>
                <asetVoltlClassWghtPct>100</asetVoltlClassWghtPct>
            </prodAsetVoltlClassSeg>
            <asetSicAllocSeg>
                <sicCde>99</sicCde>
                <asetAllocWghtPct>100</asetAllocWghtPct>
            </asetSicAllocSeg>
            <asetGeoLocAllocSeg>
                <geoLocCde>SG</geoLocCde>
                <asetAllocWghtPct>100</asetAllocWghtPct>
            </asetGeoLocAllocSeg>
        </prodInfoSeg>
        <stockInstmSeg>
            <mrgnTrdInd>N</mrgnTrdInd>
            <suptAuctnTrdInd>Y</suptAuctnTrdInd>
            <sprdStopLossMinCnt>0</sprdStopLossMinCnt>
            <sprdStopLossMaxCnt>0</sprdStopLossMaxCnt>
            <prodBodLotQtyCnt>1</prodBodLotQtyCnt>
            <mktProdTrdCde>SGX</mktProdTrdCde>
            <suptMipInd>N</suptMipInd>
            <bodLotProdInd>Y</bodLotProdInd>
            <trdLimitInd>N</trdLimitInd>
            <psblProdBorwInd>N</psblProdBorwInd>
            <allowProdLendInd>N</allowProdLendInd>
            <poolProdInd>Y</poolProdInd>
            <scripOnlyProdInd>N</scripOnlyProdInd>
            <suptAtmcTrdInd>Y</suptAtmcTrdInd>
            <suptNetSetlInd>N</suptNetSetlInd>
            <suptStopLossOrdInd>N</suptStopLossOrdInd>
            <suptWinWinOrdInd>N</suptWinWinOrdInd>
            <suptAllIn1OrdInd>N</suptAllIn1OrdInd>
            <suptProdSpltInd>N</suptProdSpltInd>
            <mrgnPrcAuctnTrdPct>1</mrgnPrcAuctnTrdPct>
            <exclLimitCalcInd>N</exclLimitCalcInd>
            <prodMktStatChngLaDt>2022-09-21</prodMktStatChngLaDt>
            <prcVarCde>V</prcVarCde>
            <methCalcScripChrgCde></methCalcScripChrgCde>
            <mktSegExchgCde>Main Board</mktSegExchgCde>
            <ctryProdRegisCde></ctryProdRegisCde>
        </stockInstmSeg>
        <recDtTmSeg>
            <recCreatDtTm>2022-09-21 23:31:06</recCreatDtTm>
            <recUpdtDtTm>2025-05-29 19:17:35</recUpdtDtTm>
            <prodPrcUpdtDtTm>2025-05-30 09:11:05</prodPrcUpdtDtTm>
            <prodStatUpdtDtTm>2023-04-25 14:55:06</prodStatUpdtDtTm>
            <timeZone>GMT+0800</timeZone>
        </recDtTmSeg>
    </stockInstm>
    <stockInstm>
        <prodKeySeg>
            <ctryRecCde>SG</ctryRecCde>
            <grpMembrRecCde>HBSP</grpMembrRecCde>
            <prodTypeCde>SEC</prodTypeCde>
            <prodCde>30063764</prodCde>
        </prodKeySeg>
        <prodAltNumSeg>
            <prodCdeAltClassCde>P</prodCdeAltClassCde>
            <prodAltNum>HK-2422</prodAltNum>
        </prodAltNumSeg>
        <prodAltNumSeg>
            <prodCdeAltClassCde>R</prodCdeAltClassCde>
            <prodAltNum>2422.HK</prodAltNum>
        </prodAltNumSeg>
        <prodAltNumSeg>
            <prodCdeAltClassCde>V</prodCdeAltClassCde>
            <prodAltNum>31643935</prodAltNum>
        </prodAltNumSeg>
        <prodAltNumSeg>
            <prodCdeAltClassCde>I</prodCdeAltClassCde>
            <prodAltNum>KYG7481X1034</prodAltNum>
        </prodAltNumSeg>
        <prodAltNumSeg>
            <prodCdeAltClassCde>M</prodCdeAltClassCde>
            <prodAltNum>2422</prodAltNum>
        </prodAltNumSeg>
        <prodAltNumSeg>
            <prodCdeAltClassCde>Q</prodCdeAltClassCde>
            <prodAltNum>768628</prodAltNum>
        </prodAltNumSeg>
        <prodInfoSeg>
            <prodSubtpCde>SEC</prodSubtpCde>
            <prodName>Rego Interactive Co Ltd</prodName>
            <prodShrtName>Rego Interactive</prodShrtName>
            <prodDesc>REGO INTERACT ORD</prodDesc>
            <asetClassCde>OH</asetClassCde>
            <prodStatCde>A</prodStatCde>
            <ccyProdCde>HKD</ccyProdCde>
            <prdProdNum>0</prdProdNum>
            <termRemainDayCnt>0</termRemainDayCnt>
            <prodLnchDt>2023-12-19</prodLnchDt>
            <mktInvstCde>HK</mktInvstCde>
            <allowBuyProdInd>Y</allowBuyProdInd>
            <allowSellProdInd>Y</allowSellProdInd>
            <allowBuyUtProdInd>Y</allowBuyUtProdInd>
            <allowBuyAmtProdInd>N</allowBuyAmtProdInd>
            <allowSellUtProdInd>Y</allowSellUtProdInd>
            <allowSellAmtProdInd>N</allowSellAmtProdInd>
            <allowSellMipProdInd>N</allowSellMipProdInd>
            <allowSellMipUtProdInd>N</allowSellMipUtProdInd>
            <allowSellMipAmtProdInd>N</allowSellMipAmtProdInd>
            <allowSwInProdInd>N</allowSwInProdInd>
            <allowSwInUtProdInd>N</allowSwInUtProdInd>
            <allowSwInAmtProdInd>N</allowSwInAmtProdInd>
            <allowSwOutProdInd>N</allowSwOutProdInd>
            <allowSwOutUtProdInd>N</allowSwOutUtProdInd>
            <allowSwOutAmtProdInd>N</allowSwOutAmtProdInd>
            <incmCharProdInd>N</incmCharProdInd>
            <cptlGurntProdInd>N</cptlGurntProdInd>
            <yieldEnhnProdInd>N</yieldEnhnProdInd>
            <grwthCharProdInd>N</grwthCharProdInd>
            <prtyProdSrchRsultNum>0</prtyProdSrchRsultNum>
            <dmyProdSubtpRecInd>N</dmyProdSubtpRecInd>
            <dispComProdSrchInd>Y</dispComProdSrchInd>
            <divrNum>1</divrNum>
            <mrkToMktInd>Y</mrkToMktInd>
            <ctryProdTrade1Cde>HK</ctryProdTrade1Cde>
            <prodTopSellRankNum>0</prodTopSellRankNum>
            <prodTopPerfmRankNum>0</prodTopPerfmRankNum>
            <prodTopYieldRankNum>0</prodTopYieldRankNum>
            <prodIssueCrosReferDt>2023-12-19</prodIssueCrosReferDt>
            <ccyInvstCde>HKD</ccyInvstCde>
            <qtyTypeCde>SHS</qtyTypeCde>
            <prodLocCde>HKS</prodLocCde>
            <prodTaxFreeWrapActStaCde>1</prodTaxFreeWrapActStaCde>
            <trdFirstDt>2023-12-19</trdFirstDt>
            <suptRcblCashProdInd>Y</suptRcblCashProdInd>
            <suptRcblScripProdInd>Y</suptRcblScripProdInd>
            <dcmlPlaceTradeUnitNum>0</dcmlPlaceTradeUnitNum>
            <pldgLimitAssocAcctInd>N</pldgLimitAssocAcctInd>
            <asetCatExtnlCde>ORD</asetCatExtnlCde>
            <aumChrgProdInd>N</aumChrgProdInd>
            <wlthAccumGoalInd>Y</wlthAccumGoalInd>
            <planForRtireGoalInd>Y</planForRtireGoalInd>
            <educGoalInd>Y</educGoalInd>
            <liveInRtireGoalInd>Y</liveInRtireGoalInd>
            <protcGoalInd>Y</protcGoalInd>
            <prdInvstTnorNum>0</prdInvstTnorNum>
            <prodInvstTypeCde>SIP</prodInvstTypeCde>
            <asetVoltlClassMajrPrntCde>ASI_EQTY</asetVoltlClassMajrPrntCde>
            <prodTradeCcySeg>
                <ccyProdTradeCde>HKD</ccyProdTradeCde>
            </prodTradeCcySeg>
            <prodAsetUndlSeg>
                <asetUndlCdeSeqNum>1</asetUndlCdeSeqNum>
                <asetUndlCde>EQ</asetUndlCde>
            </prodAsetUndlSeg>
            <prodAsetVoltlClassSeg>
                <asetVoltlClassCde>CHN_EQTY</asetVoltlClassCde>
                <asetVoltlClassWghtPct>100</asetVoltlClassWghtPct>
            </prodAsetVoltlClassSeg>
            <asetSicAllocSeg>
                <sicCde>53</sicCde>
                <asetAllocWghtPct>100</asetAllocWghtPct>
            </asetSicAllocSeg>
            <asetGeoLocAllocSeg>
                <geoLocCde>CN</geoLocCde>
                <asetAllocWghtPct>100</asetAllocWghtPct>
            </asetGeoLocAllocSeg>
        </prodInfoSeg>
        <stockInstmSeg>
            <mrgnTrdInd>N</mrgnTrdInd>
            <suptAuctnTrdInd>Y</suptAuctnTrdInd>
            <sprdStopLossMinCnt>0</sprdStopLossMinCnt>
            <sprdStopLossMaxCnt>0</sprdStopLossMaxCnt>
            <prodBodLotQtyCnt>4000</prodBodLotQtyCnt>
            <mktProdTrdCde>HKEX</mktProdTrdCde>
            <suptMipInd>N</suptMipInd>
            <bodLotProdInd>Y</bodLotProdInd>
            <trdLimitInd>N</trdLimitInd>
            <psblProdBorwInd>N</psblProdBorwInd>
            <allowProdLendInd>N</allowProdLendInd>
            <poolProdInd>Y</poolProdInd>
            <scripOnlyProdInd>N</scripOnlyProdInd>
            <suptAtmcTrdInd>Y</suptAtmcTrdInd>
            <suptNetSetlInd>N</suptNetSetlInd>
            <suptStopLossOrdInd>N</suptStopLossOrdInd>
            <suptWinWinOrdInd>N</suptWinWinOrdInd>
            <suptAllIn1OrdInd>N</suptAllIn1OrdInd>
            <suptProdSpltInd>N</suptProdSpltInd>
            <mrgnPrcAuctnTrdPct>1</mrgnPrcAuctnTrdPct>
            <exclLimitCalcInd>N</exclLimitCalcInd>
            <prodMktStatChngLaDt>2022-10-03</prodMktStatChngLaDt>
            <prcVarCde>V</prcVarCde>
            <methCalcScripChrgCde></methCalcScripChrgCde>
            <mktSegExchgCde>Stock Exch Hong Kong</mktSegExchgCde>
            <ctryProdRegisCde>KY</ctryProdRegisCde>
        </stockInstmSeg>
        <recDtTmSeg>
            <recCreatDtTm>2022-10-03 18:33:14</recCreatDtTm>
            <recUpdtDtTm>2025-05-29 18:22:36</recUpdtDtTm>
            <prodPrcUpdtDtTm>2025-05-30 09:11:11</prodPrcUpdtDtTm>
            <prodStatUpdtDtTm>2023-04-25 14:55:06</prodStatUpdtDtTm>
            <timeZone>GMT+0800</timeZone>
        </recDtTmSeg>
    </stockInstm>
</stockInstmLst>