C     HEADERRISHFI_GENERAL_SID_INTERFACE                     20250605062623
"CTRY_CDE","ORGN_CDE","PROD_TYPE_CDE","PROD_TYPE_DESC","PROD_TYPE_PLL_DESC","PROD_TYPE_SLL_DESC","PROD_SUBTP_CDE","PROD_SUBTP_DESC","PROD_SUBTP_PLL_DESC","PROD_SUBTP_SLL_DESC","PROD_CDE","INT_PROD_ID","PROD_NAME","PROD_PLL_NAME","PROD_SLL_NAME","SHRT_NAME","SHRT_PLL_NAME","SHRT_SLL_NAME","PROD_DESC","PROD_PLL_DESC","PROD_SLL_DESC","ASET_CLASS_CDE_1","ASET_CLASS_CDE_1_DESC","ASET_CLASS_CDE_1_PLL_DESC","ASET_CLASS_CDE_1_SLL_DESC","ASET_CLASS_CDE_2","ASET_CLASS_CDE_2_DESC","ASET_CLASS_CDE_2_PLL_DESC","ASET_CLASS_CDE_2_SLL_DESC","ASET_CLASS_CDE_3","ASET_CLASS_CDE_3_DESC","ASET_CLASS_CDE_3_PLL_DESC","ASET_CLASS_CDE_3_SLL_DESC","UDLY_ASET_CDE_1","UDLY_ASET_CDE_1_DESC","UDLY_ASET_CDE_1_PLL_DESC","UDLY_ASET_CDE_1_SLL_DESC","UDLY_ASET_CDE_2","UDLY_ASET_CDE_2_DESC","UDLY_ASET_CDE_2_PLL_DESC","UDLY_ASET_CDE_2_SLL_DESC","UDLY_ASET_CDE_3","UDLY_ASET_CDE_3_DESC","UDLY_ASET_CDE_3_PLL_DESC","UDLY_ASET_CDE_3_SLL_DESC","STAT_CDE","STAT_CDE_DESC","STAT_CDE_PLL_DESC","STAT_CDE_SLL_DESC","CRNCY_CDE","CRNCY_CDE_DESC","CRNCY_CDE_PLL_DESC","CRNCY_CDE_SLL_DESC","CRNCY_TRADE_CDE_1","CRNCY_TRADE_CDE_1_DESC","CRNCY_TRADE_CDE_1_PLL_DESC","CRNCY_TRADE_CDE_1_SLL_DESC","CRNCY_TRADE_CDE_2","CRNCY_TRADE_CDE_2_DESC","CRNCY_TRADE_CDE_2_PLL_DESC","CRNCY_TRADE_CDE_2_SLL_DESC","CRNCY_TRADE_CDE_3","CRNCY_TRADE_CDE_3_DESC","CRNCY_TRADE_CDE_3_PLL_DESC","CRNCY_TRADE_CDE_3_SLL_DESC","CRNCY_TRADE_CDE_4","CRNCY_TRADE_CDE_4_DESC","CRNCY_TRADE_CDE_4_PLL_DESC","CRNCY_TRADE_CDE_4_SLL_DESC","CRNCY_TRADE_CDE_5","CRNCY_TRADE_CDE_5_DESC","CRNCY_TRADE_CDE_5_PLL_DESC","CRNCY_TRADE_CDE_5_SLL_DESC","CRNCY_TRADE_CDE_6","CRNCY_TRADE_CDE_6_DESC","CRNCY_TRADE_CDE_6_PLL_DESC","CRNCY_TRADE_CDE_6_SLL_DESC","CRNCY_TRADE_CDE_7","CRNCY_TRADE_CDE_7_DESC","CRNCY_TRADE_CDE_7_PLL_DESC","CRNCY_TRADE_CDE_7_SLL_DESC","CRNCY_TRADE_CDE_8","CRNCY_TRADE_CDE_8_DESC","CRNCY_TRADE_CDE_8_PLL_DESC","CRNCY_TRADE_CDE_8_SLL_DESC","CRNCY_TRADE_CDE_9","CRNCY_TRADE_CDE_9_DESC","CRNCY_TRADE_CDE_9_PLL_DESC","CRNCY_TRADE_CDE_9_SLL_DESC","CRNCY_TRADE_CDE_10","CRNCY_TRADE_CDE_10_DESC","CRNCY_TRADE_CDE_10_PLL_DESC","CRNCY_TRADE_CDE_10_SLL_DESC","CRNCY_TRADE_CDE_11","CRNCY_TRADE_CDE_11_DESC","CRNCY_TRADE_CDE_11_PLL_DESC","CRNCY_TRADE_CDE_11_SLL_DESC","CRNCY_TRADE_CDE_12","CRNCY_TRADE_CDE_12_DESC","CRNCY_TRADE_CDE_12_PLL_DESC","CRNCY_TRADE_CDE_12_SLL_DESC","CRNCY_TRADE_CDE_13","CRNCY_TRADE_CDE_13_DESC","CRNCY_TRADE_CDE_13_PLL_DESC","CRNCY_TRADE_CDE_13_SLL_DESC","CRNCY_TRADE_CDE_14","CRNCY_TRADE_CDE_14_DESC","CRNCY_TRADE_CDE_14_PLL_DESC","CRNCY_TRADE_CDE_14_SLL_DESC","CRNCY_TRADE_CDE_15","CRNCY_TRADE_CDE_15_DESC","CRNCY_TRADE_CDE_15_PLL_DESC","CRNCY_TRADE_CDE_15_SLL_DESC","CRNCY_TRADE_CDE_16","CRNCY_TRADE_CDE_16_DESC","CRNCY_TRADE_CDE_16_PLL_DESC","CRNCY_TRADE_CDE_16_SLL_DESC","CRNCY_TRADE_CDE_17","CRNCY_TRADE_CDE_17_DESC","CRNCY_TRADE_CDE_17_PLL_DESC","CRNCY_TRADE_CDE_17_SLL_DESC","CRNCY_TRADE_CDE_18","CRNCY_TRADE_CDE_18_DESC","CRNCY_TRADE_CDE_18_PLL_DESC","CRNCY_TRADE_CDE_18_SLL_DESC","CRNCY_TRADE_CDE_19","CRNCY_TRADE_CDE_19_DESC","CRNCY_TRADE_CDE_19_PLL_DESC","CRNCY_TRADE_CDE_19_SLL_DESC","CRNCY_TRADE_CDE_20","CRNCY_TRADE_CDE_20_DESC","CRNCY_TRADE_CDE_20_PLL_DESC","CRNCY_TRADE_CDE_20_SLL_DESC","RISK_LVL_CDE","RISK_LVL_DESC","RISK_LVL_PLL_DESC","RISK_LVL_SLL_DESC","PRD_PROD_CDE","PRD_PROD_DESC","PRD_PROD_PLL_DESC","PRD_PROD_SLL_DESC","PRD_PROD_NUM","TENOR_DAY_NUM","LAUNCH_DT","MAT_DT","MKT_INVST_CDE","MKT_INVST_CDE_DESC","MKT_INVST_CDE_PLL_DESC","MKT_INVST_CDE_SLL_DESC","SECT_CDE","SECT_CDE__DESC","SECT_CDE_PLL_DESC","SECT_CDE_SLL_DESC","ALOW_BUY_IND","ALOW_SELL_IND","ALOW_BUY_UNIT_IND","ALOW_BUY_AMT_IND","ALOW_SELL_UNIT_IND","ALOW_SELL_AMT_IND","ALOW_MIP_IND","ALOW_MIP_UNIT","ALOW_MIP_AMT","ALOW_SI_IND","ALOW_SI_UNIT","ALOW_SI_AMT","ALOW_SO_IND","ALOW_SO_UNIT","ALOW_SO_AMT","INCOME_IND","CAPITAL_GURN_IND","YLD_EHANCE_IND","GROWTH_IND","SRCH_PRTY_NUM","SLST_1_IND","SLST_EFF_1_DT","SLST_2_IND","SLST_EFF_2_DT","SLST_3_IND","SLST_EFF_3_DT","MKT_INFO_IND","AVG_PRD_RTN","AVE_VOLAT","SUB_TYPE_IND","PRC_DIVR_NUM","MK_TO_MKT_IND","ADD_INFO","ADD_PLL_INFO","ADD_SLL_INFO","NATURE_CDE","CREAT_DT","CREAT_TM","UPDT_LAST_DT","UPDT_LAST_TM","SPOMS_PROD_CDE","SPOMS_PROD_TYCD","SPOMS_PROD_DESC","SPOMS_PROD_PLL_DESC","SPOMS_PROD_SLL_DESC","CONV_CDE","CONV_DESC","CONV_PLL_DESC","CONV_SLL_DESC","PRE_RTRN_INTRM_PCT","PRE_RTRN_DT","NXT_RTRN_DT","RTRN_INTRM_PCT_1","RTRN_INTRM_PCT_2","RTRN_INTRM_PCT_3","RTRN_INTRM_PCT_4","RTRN_INTRM_PCT_5","RTRN_INTRM_PCT_6","RTRN_INTRM_PCT_7","RTRN_INTRM_PCT_8","RTRN_INTRM_PCT_9","RTRN_INTRM_PCT_10","RTRN_INTRM_PCT_11","RTRN_INTRM_PCT_12","RTRN_INTRM_PCT_13","RTRN_INTRM_PCT_14","RTRN_INTRM_PCT_15","RTRN_INTRM_PCT_16","RTRN_INTRM_PCT_17","RTRN_INTRM_PCT_18","RTRN_INTRM_PCT_19","RTRN_INTRM_PCT_20","RTRN_INTRM_PCT_21","RTRN_INTRM_PCT_22","RTRN_INTRM_PCT_23","RTRN_INTRM_PCT_24","PYMT_INTRM_RTRN_DT_1","PYMT_INTRM_RTRN_DT_2","PYMT_INTRM_RTRN_DT_3","PYMT_INTRM_RTRN_DT_4","PYMT_INTRM_RTRN_DT_5","PYMT_INTRM_RTRN_DT_6","PYMT_INTRM_RTRN_DT_7","PYMT_INTRM_RTRN_DT_8","PYMT_INTRM_RTRN_DT_9","PYMT_INTRM_RTRN_DT_10","PYMT_INTRM_RTRN_DT_11","PYMT_INTRM_RTRN_DT_12","PYMT_INTRM_RTRN_DT_13","PYMT_INTRM_RTRN_DT_14","PYMT_INTRM_RTRN_DT_15","PYMT_INTRM_RTRN_DT_16","PYMT_INTRM_RTRN_DT_17","PYMT_INTRM_RTRN_DT_18","PYMT_INTRM_RTRN_DT_19","PYMT_INTRM_RTRN_DT_20","PYMT_INTRM_RTRN_DT_21","PYMT_INTRM_RTRN_DT_22","PYMT_INTRM_RTRN_DT_23","PYMT_INTRM_RTRN_DT_24","CRNCY_LINK_CDE","PRD_MKT_START_DT","PRD_MKT_END_DT","INVST_INIT_MIN_CCY","INVST_INIT_MIN_AMT","INVST_INIT_MIN_DP","YLD_ANNL_MIN_PCT","YLD_ANNL_POTEN_PCT","ASET_TEXT","ALLOW_ERDM_IND","PRD_ERDM_DALW_TEXT","ERDM_PCT","ERDM_IND_AMT","OFFER_TYPE_CDE","OFFER_TYPE_DESC","OFFER_TYPE_PLL_DESC","OFFER_TYPE_SLL_DESC","CUST_QUOT_SELL_CNT","QUOT_RULE_TYPE_CDE","QUOT_RULE_TYPE_DESC","QUOT_RULE_TYPE_PLL_DESC","QUOT_RULE_TYPE_SLL_DESC","OVDFT_SEC_PCT","BONUS_RATE_TYPE","BONUS_RATE_TYPE_DESC","BONUS_RATE_TYPE_PLL_DESC","BONUS_RATE_TYPE_SLL_DESC","BONUS_DATE_TYPE","BONUS_DATE_TYPE_DESC","BONUS_DATE_TYPE_PLL_DESC","BONUS_DATE_TYPE_SLL_DESC","CPT_PRT_PCT","LAUNCH_STUS","SPOMS_PROD","UDF_01","UDF_02","UDF_03","UDF_04","UDF_05","UDF_06","UDF_07","UDF_08","UDF_09","UDF_10","UDF_11","UDF_12","UDF_13","UDF_14","UDF_15"
"SG","HBSP","SID","","","","SIDFCY","","","","D19AUD20050817","9162","Structured Deposit - AUD/USD FX Linked Deposit","","","Structured Deposit - AUD/USD F","","","","","","OH","","","","","","","","","","","","","","","","","","","","","","","","A","","","","AUD","","","","","","","","","","","","","","","","","","","","","","","","","","","","","","","","","","","","","","","","","","","","","","","","","","","","","","","","","","","","","","","","","","","","","","","","","","","","","","","","","","","","","","","","M","","","","12","0","20050817","20060817","","","","","","","","","Y","N","N","Y","N","N","N","N","N","N","N","N","N","N","N","N","N","N","N","0","N","","N","","N","","","","","N","100","N","","","","Maturing","20120914","071632","20250522","031512","","","","","","N","","","","","","","0.0002","","","","","","","","","","","","","","","","","","","","","","","","20060817","","","","","","","","","","","","","","","","","","","","","","","","","","","AUD","10000","0","","","","Y","","","","","","","","","","","","","","","","","","","","","","","","","","","","","","","","","","","","","","",""
     TRAILERRISHFI_GENERAL_SID_INTERFACE                     0000001
