dummy_DATA,000000000000000000000000006001,6
dummy_DATA,000000000000000000000000006001,6
