/appvol/product/data/outgoing/HKHBAP/WMDS/HK_HBAP_WMDS_SEC-CN_20230530081158_35.xml : 3673
/appvol/product/data/outgoing/HKHBAP/WMDS/HK_HBAP_WMDS_SEC-HK_20230530081158_35.xml : 7081
/appvol/product/data/outgoing/HKHBAP/WMDS/HK_HBAP_WMDS_SEC-US_20230530081158_35.xml : 19042
/appvol/product/data/outgoing/HKHBAP/WMDS/HK_HBAP_WMDS_WRTS-HK_20230530081158_35.xml : 31496
/appvol/product/data/outgoing/HKHBAP/WMDS/HK_HBAP_WMDS_UT_20230530081158_35.xml : 1103
/appvol/product/data/outgoing/HKHBAP/WMDS/HK_HBAP_WMDS_INDEX_20230530081158_35.xml : 27
/appvol/product/data/outgoing/HKHBAP/WMDS/HK_HBAP_WMDS_BOND_20230530081158_35.xml : 2720